// Jest Snapshot v1, https://goo.gl/fbAQLP

exports[`DashboardPage component should render correctly 1`] = `
<div
  className="dashboard"
>
  <Connect(StudentFilter)
    style="filters"
  />
  <div
    className="list-container"
  >
    <Connect(StudentsList) />
  </div>
</div>
`;
